============================================================
CONFIGURACION DEL SCARA
============================================================
  Nombre: IRB 910SC SCARA
  GDL: 4
  Tipos articulaciones: ['R', 'R', 'P', 'R']
  Tabla DH (4 filas):
    J1: theta=0, d=200.0, a=250.0, alpha=0
    J2: theta=0, d=0.0, a=200.0, alpha=180
    J3: theta=0, d=100.0, a=0.0, alpha=0
    J4: theta=0, d=0.0, a=0.0, alpha=0
  Limites (4 entries): [[-140.0, 140.0], [-150.0, 150.0], [0.0, 150.0], [-400.0, 400.0]]

============================================================
TEST 1: Cinematica Directa con [0,0,0,0]
============================================================
  FK OK: x=450.00, y=-0.00, z=100.00

============================================================
TEST 2: IK SCARA para P10=[350, 0, 200]
============================================================
  IK directo: J1=34.05 J2=-78.46 J3=0.00 J4=44.42
  FK verificacion: x=350.00, y=-0.00, z=100.00
  Error: 100.0000 mm FALLO
  Router: success=True, msg=Solución SCARA encontrada

============================================================
TEST 3: IK SCARA para P20=[350, 0, 80]
============================================================
  success=True, msg=Solución SCARA encontrada
  Joints: ['34.05', '-78.46', '120.00', '44.42']

============================================================
TEST 4: IK SCARA para P30=[400, 100, 80]
============================================================
  success=True, msg=Solución SCARA encontrada
  Joints: ['35.01', '-47.55', '120.00', '12.54']

============================================================
TEST 5: Interpolacion 4-joints
============================================================
  Trayectoria (4 puntos, 4 elementos cada uno)
    [0] ['0.0', '0.0', '0.0', '0.0']
    [1] ['10.0', '-15.0', '40.0', '3.3']
    [2] ['20.0', '-30.0', '80.0', '6.7']
    [3] ['30.0', '-45.0', '120.0', '10.0']

============================================================
TEST 6: Flujo completo MoveAbsJ -> MoveJ P10 -> MoveL P20
============================================================
  Home pos: (450.0, -0.0, 100.0)

  MoveJ P10: IK success=True
  Target joints: ['34.05', '-78.46', '0.00', '44.42']
    [0] pos=(450.0, -0.0, 100.0)
    [1] pos=(438.5, -1.9, 100.0)
    [2] pos=(404.5, -2.3, 100.0)
    [3] pos=(350.0, -0.0, 100.0)

  MoveL P20: IK success=True
  Target joints: ['34.05', '-78.46', '120.00', '44.42']
    [0] pos=(350.0, -0.0, 100.0)
    [1] pos=(350.0, -0.0, 60.0)
    [2] pos=(350.0, -0.0, 20.0)
    [3] pos=(350.0, -0.0, -20.0)

  MoveL P30: IK success=True
  Target joints: ['35.01', '-47.55', '120.00', '12.54']

============================================================
TESTS COMPLETADOS
============================================================
